\BOOKMARK [0][-]{chapter*.1}{\376\377\000A\000c\000k\000n\000o\000w\000l\000e\000d\000g\000e\000m\000e\000n\000t\000s}{}% 1
\BOOKMARK [0][-]{chapter*.3}{\376\377\000L\000I\000S\000T\000\040\000O\000F\000\040\000A\000C\000R\000O\000N\000Y\000M\000S}{}% 2
\BOOKMARK [0][-]{chapter*.6}{\376\377\000G\000e\000n\000e\000r\000a\000l\000\040\000I\000n\000t\000r\000o\000d\000u\000c\000t\000i\000o\000n}{}% 3
\BOOKMARK [0][-]{chapter.7}{\376\377\000S\000t\000a\000t\000e\000\040\000o\000f\000\040\000t\000h\000e\000\040\000A\000r\000t}{}% 4
\BOOKMARK [1][-]{section.8}{\376\377\000I\000n\000t\000r\000o\000d\000u\000c\000t\000i\000o\000n}{chapter.7}% 5
\BOOKMARK [1][-]{section.9}{\376\377\000O\000v\000e\000r\000v\000i\000e\000w\000\040\000o\000f\000\040\000D\000a\000t\000a\000\040\000C\000e\000n\000t\000e\000r\000s}{chapter.7}% 6
\BOOKMARK [2][-]{subsection.10}{\376\377\000D\000e\000f\000i\000n\000i\000t\000i\000o\000n\000\040\000a\000n\000d\000\040\000R\000o\000l\000e}{section.9}% 7
\BOOKMARK [2][-]{subsection.11}{\376\377\000H\000u\000a\000w\000e\000i\000:\000\040\000F\000r\000o\000m\000\040\000T\000e\000l\000e\000c\000o\000m\000\040\000E\000q\000u\000i\000p\000m\000e\000n\000t\000\040\000M\000a\000n\000u\000f\000a\000c\000t\000u\000r\000e\000r\000\040\000t\000o\000\040\000D\000a\000t\000a\000\040\000C\000e\000n\000t\000e\000r\000\040\000L\000e\000a\000d\000e\000r}{section.9}% 8
\BOOKMARK [1][-]{section.12}{\376\377\000D\000a\000t\000a\000\040\000C\000e\000n\000t\000e\000r\000\040\000A\000r\000c\000h\000i\000t\000e\000c\000t\000u\000r\000e\000s}{chapter.7}% 9
\BOOKMARK [2][-]{subsection.13}{\376\377\000D\000a\000t\000a\000\040\000C\000e\000n\000t\000e\000r\000\040\000N\000e\000t\000w\000o\000r\000k\000\040\000A\000r\000c\000h\000i\000t\000e\000c\000t\000u\000r\000e}{section.12}% 10
\BOOKMARK [2][-]{subsection.14}{\376\377\000T\000h\000r\000e\000e\000-\000T\000i\000e\000r\000\040\000A\000r\000c\000h\000i\000t\000e\000c\000t\000u\000r\000e}{section.12}% 11
\BOOKMARK [2][-]{subsection.16}{\376\377\000S\000p\000i\000n\000e\000-\000L\000e\000a\000f\000\040\000A\000r\000c\000h\000i\000t\000e\000c\000t\000u\000r\000e}{section.12}% 12
\BOOKMARK [1][-]{section.18}{\376\377\000N\000e\000t\000w\000o\000r\000k\000\040\000C\000o\000m\000p\000o\000n\000e\000n\000t\000s}{chapter.7}% 13
\BOOKMARK [2][-]{subsection.19}{\376\377\000S\000p\000i\000n\000e\000\040\000S\000w\000i\000t\000c\000h\000e\000s}{section.18}% 14
\BOOKMARK [2][-]{subsection.21}{\376\377\000L\000e\000a\000f\000\040\000S\000w\000i\000t\000c\000h\000e\000s\000\040\000\050\000T\000o\000R\000\051\000:}{section.18}% 15
\BOOKMARK [2][-]{subsection.22}{\376\377\000F\000i\000r\000e\000w\000a\000l\000l\000s\000:}{section.18}% 16
\BOOKMARK [2][-]{subsection.24}{\376\377\000S\000e\000r\000v\000e\000r\000s\000:}{section.18}% 17
\BOOKMARK [1][-]{section.26}{\376\377\000C\000o\000r\000e\000\040\000N\000e\000t\000w\000o\000r\000k\000i\000n\000g\000\040\000C\000o\000n\000c\000e\000p\000t\000s}{chapter.7}% 18
\BOOKMARK [2][-]{subsection.27}{\376\377\000V\000L\000A\000N\000\040\000S\000e\000g\000m\000e\000n\000t\000a\000t\000i\000o\000n\000\040\000a\000n\000d\000\040\000N\000e\000t\000w\000o\000r\000k\000\040\000Z\000o\000n\000e\000s}{section.26}% 19
\BOOKMARK [2][-]{subsection.28}{\376\377\000R\000e\000d\000u\000n\000d\000a\000n\000c\000y\000\040\000a\000n\000d\000\040\000H\000i\000g\000h\000\040\000A\000v\000a\000i\000l\000a\000b\000i\000l\000i\000t\000y}{section.26}% 20
\BOOKMARK [2][-]{subsection.29}{\376\377\000V\000i\000r\000t\000u\000a\000l\000i\000z\000a\000t\000i\000o\000n\000\040\000P\000r\000i\000n\000c\000i\000p\000l\000e\000s}{section.26}% 21
\BOOKMARK [1][-]{section.30}{\376\377\000C\000o\000n\000c\000l\000u\000s\000i\000o\000n}{chapter.7}% 22
\BOOKMARK [0][-]{chapter.31}{\376\377\000C\000o\000n\000c\000e\000p\000t\000i\000o\000n\000\040\000a\000n\000d\000\040\000D\000e\000s\000i\000g\000n}{}% 23
\BOOKMARK [1][-]{section.32}{\376\377\000I\000n\000t\000r\000o\000d\000u\000c\000t\000i\000o\000n}{chapter.31}% 24
\BOOKMARK [1][-]{section.33}{\376\377\000A\000r\000c\000h\000i\000t\000e\000c\000t\000u\000r\000e\000\040\000O\000v\000e\000r\000v\000i\000e\000w}{chapter.31}% 25
\BOOKMARK [2][-]{subsection.34}{\376\377\000S\000p\000i\000n\000e\000-\000L\000e\000a\000f\000\040\000T\000o\000p\000o\000l\000o\000g\000y\000[\000d\000e\000f\000:\000h\000l\000d\000]\000\040\000\050\000H\000L\000D\000\051}{section.33}% 26
\BOOKMARK [2][-]{subsection.35}{\376\377\000J\000u\000s\000t\000i\000f\000i\000c\000a\000t\000i\000o\000n\000\040\000o\000f\000\040\000C\000h\000o\000i\000c\000e}{section.33}% 27
\BOOKMARK [2][-]{subsection.37}{\376\377\000L\000e\000a\000f\000\040\000L\000a\000y\000e\000r}{section.33}% 28
\BOOKMARK [2][-]{subsection.39}{\376\377\000S\000p\000i\000n\000e\000\040\000L\000a\000y\000e\000r}{section.33}% 29
\BOOKMARK [2][-]{subsection.41}{\376\377\000N\000e\000t\000w\000o\000r\000k\000\040\000E\000d\000g\000e}{section.33}% 30
\BOOKMARK [2][-]{subsection.43}{\376\377\000C\000l\000o\000u\000d\000\040\000C\000o\000n\000n\000e\000c\000t\000i\000o\000n}{section.33}% 31
\BOOKMARK [2][-]{subsection.45}{\376\377\000C\000a\000b\000i\000n\000e\000t\000\040\000S\000t\000r\000u\000c\000t\000u\000r\000e}{section.33}% 32
\BOOKMARK [1][-]{section.47}{\376\377\000R\000e\000q\000u\000i\000r\000e\000m\000e\000n\000t\000s\000\040\000S\000p\000e\000c\000i\000f\000i\000c\000a\000t\000i\000o\000n}{chapter.31}% 33
\BOOKMARK [2][-]{subsection.48}{\376\377\000A\000c\000t\000o\000r\000s\000:}{section.47}% 34
\BOOKMARK [2][-]{subsection.50}{\376\377\000F\000u\000n\000c\000t\000i\000o\000n\000a\000l\000\040\000R\000e\000q\000u\000i\000r\000e\000m\000e\000n\000t\000s}{section.47}% 35
\BOOKMARK [2][-]{subsection.51}{\376\377\000N\000o\000n\000-\000F\000u\000n\000c\000t\000i\000o\000n\000a\000l\000\040\000R\000e\000q\000u\000i\000r\000e\000m\000e\000n\000t\000s}{section.47}% 36
\BOOKMARK [2][-]{subsection.52}{\376\377\000C\000h\000o\000i\000c\000e\000\040\000o\000f\000\040\000M\000o\000d\000e\000l\000i\000n\000g\000\040\000L\000a\000n\000g\000u\000a\000g\000e}{section.47}% 37
\BOOKMARK [2][-]{subsection.53}{\376\377\000U\000s\000e\000\040\000C\000a\000s\000e\000\040\000D\000e\000s\000c\000r\000i\000p\000t\000i\000o\000n}{section.47}% 38
\BOOKMARK [2][-]{subsection.54}{\376\377\000U\000s\000e\000\040\000C\000a\000s\000e\000\040\000D\000i\000a\000g\000r\000a\000m}{section.47}% 39
\BOOKMARK [1][-]{section.56}{\376\377\000S\000e\000q\000u\000e\000n\000c\000e\000\040\000D\000i\000a\000g\000r\000a\000m\000s}{chapter.31}% 40
\BOOKMARK [2][-]{subsection.57}{\376\377\000N\000e\000t\000w\000o\000r\000k\000\040\000A\000d\000m\000i\000n\000i\000s\000t\000r\000a\000t\000o\000r\000\040\000C\000o\000n\000f\000i\000g\000u\000r\000i\000n\000g\000\040\000E\000o\000R\000\040\000S\000p\000i\000n\000e\000\040\000S\000w\000i\000t\000c\000h\000e\000s}{section.56}% 41
\BOOKMARK [2][-]{subsection.59}{\376\377\000S\000y\000s\000t\000e\000m\000\040\000A\000d\000m\000i\000n\000i\000s\000t\000r\000a\000t\000o\000r\000\040\000C\000o\000n\000f\000i\000g\000u\000r\000i\000n\000g\000\040\000a\000\040\000S\000e\000r\000v\000e\000r}{section.56}% 42
\BOOKMARK [1][-]{section.61}{\376\377\000L\000o\000w\000-\000L\000e\000v\000e\000l\000\040\000D\000e\000s\000i\000g\000n\000\040\000\050\000L\000L\000D\000\051}{chapter.31}% 43
\BOOKMARK [2][-]{subsection.62}{\376\377\000D\000e\000v\000i\000c\000e\000\040\000i\000n\000v\000e\000n\000t\000o\000r\000y}{section.61}% 44
\BOOKMARK [2][-]{subsection.64}{\376\377\000P\000o\000r\000t\000\040\000c\000o\000n\000n\000e\000c\000t\000i\000o\000n\000s}{section.61}% 45
\BOOKMARK [2][-]{subsection.68}{\376\377\000V\000L\000A\000N\000\040\000D\000e\000s\000i\000g\000n}{section.61}% 46
\BOOKMARK [2][-]{subsection.70}{\376\377\000S\000e\000r\000v\000e\000r\000\040\000I\000P\000\040\000A\000s\000s\000i\000g\000n\000m\000e\000n\000t\000s}{section.61}% 47
\BOOKMARK [1][-]{section.72}{\376\377\000G\000a\000t\000e\000w\000a\000y\000\040\000\046\000\040\000V\000R\000R\000P\000\040\000D\000e\000s\000i\000g\000n}{chapter.31}% 48
\BOOKMARK [1][-]{section.74}{\376\377\000M\000L\000A\000G\000\040\000D\000e\000s\000i\000g\000n}{chapter.31}% 49
\BOOKMARK [1][-]{section.76}{\376\377\000F\000i\000r\000e\000w\000a\000l\000l\000\040\000R\000u\000l\000e\000s}{chapter.31}% 50
\BOOKMARK [1][-]{section.77}{\376\377\000C\000o\000n\000c\000l\000u\000s\000i\000o\000n}{chapter.31}% 51
\BOOKMARK [0][-]{chapter.78}{\376\377\000I\000m\000p\000l\000e\000m\000e\000n\000t\000a\000t\000i\000o\000n\000\040\000a\000n\000d\000\040\000S\000i\000m\000u\000l\000a\000t\000i\000o\000n}{}% 52
\BOOKMARK [1][-]{section.79}{\376\377\000I\000n\000t\000r\000o\000d\000u\000c\000t\000i\000o\000n}{chapter.78}% 53
\BOOKMARK [1][-]{section.80}{\376\377\000E\000n\000v\000i\000r\000o\000n\000m\000e\000n\000t}{chapter.78}% 54
\BOOKMARK [2][-]{subsection.81}{\376\377\000I\000n\000i\000t\000i\000a\000l\000\040\000T\000o\000o\000l\000\040\000S\000e\000l\000e\000c\000t\000i\000o\000n}{section.80}% 55
\BOOKMARK [2][-]{subsection.82}{\376\377\000M\000i\000g\000r\000a\000t\000i\000o\000n\000\040\000t\000o\000\040\000V\000M\000w\000a\000r\000e\000\040\000a\000n\000d\000\040\000P\000N\000E\000T\000L\000a\000b}{section.80}% 56
\BOOKMARK [2][-]{subsection.83}{\376\377\000D\000e\000v\000i\000c\000e\000\040\000I\000m\000a\000g\000e\000\040\000I\000s\000s\000u\000e\000s\000\040\000w\000i\000t\000h\000\040\000H\000u\000a\000w\000e\000i\000\040\000C\000E\0001\0002\0008\0000\0000}{section.80}% 57
\BOOKMARK [2][-]{subsection.84}{\376\377\000S\000w\000i\000t\000c\000h\000\040\000t\000o\000\040\000A\000r\000i\000s\000t\000a\000\040\000v\000E\000O\000S}{section.80}% 58
\BOOKMARK [1][-]{section.85}{\376\377\000D\000e\000v\000i\000c\000e\000\040\000C\000o\000n\000f\000i\000g\000u\000r\000a\000t\000i\000o\000n\000s}{chapter.78}% 59
\BOOKMARK [2][-]{subsection.86}{\376\377\000P\000N\000E\000T\000L\000a\000b\000\040\000i\000n\000t\000e\000r\000f\000a\000c\000e\000\040\000n\000a\000m\000i\000n\000g\000\040\000\050\000A\000r\000i\000s\000t\000a\000\040\000v\000E\000O\000S\000\051}{section.85}% 60
\BOOKMARK [2][-]{subsection.88}{\376\377\000S\000p\000i\000n\000e\000\040\000s\000w\000i\000t\000c\000h\000\040\000\050\000E\000o\000R\000-\0001\000\051}{section.85}% 61
\BOOKMARK [2][-]{subsection.89}{\376\377\000L\000e\000a\000f\000\040\000s\000w\000i\000t\000c\000h\000\040\000\050\000T\000o\000R\000\040\000A\000-\0001\000\051}{section.85}% 62
\BOOKMARK [2][-]{subsection.90}{\376\377\000F\000i\000r\000e\000w\000a\000l\000l\000s\000\040\000\050\000F\000W\000-\0001\000\040\000a\000n\000d\000\040\000F\000W\000-\0002\000\051}{section.85}% 63
\BOOKMARK [2][-]{subsection.91}{\376\377\000S\000e\000r\000v\000e\000r\000\040\000\050\000S\000e\000r\000v\000e\000r\000\040\0001\000\051}{section.85}% 64
\BOOKMARK [1][-]{section.92}{\376\377\000C\000o\000n\000n\000e\000c\000t\000i\000v\000i\000t\000y\000\040\000T\000e\000s\000t\000i\000n\000g}{chapter.78}% 65
\BOOKMARK [1][-]{section.94}{\376\377\000R\000e\000d\000u\000n\000d\000a\000n\000c\000y\000\040\000\046\000\040\000F\000a\000i\000l\000u\000r\000e\000\040\000T\000e\000s\000t\000i\000n\000g}{chapter.78}% 66
\BOOKMARK [2][-]{subsection.95}{\376\377\000V\000R\000R\000P\000\040\000\050\000C\000A\000R\000P\000\051\000\040\000f\000i\000r\000e\000w\000a\000l\000l\000\040\000f\000a\000i\000l\000o\000v\000e\000r\000\040\000t\000e\000s\000t}{section.94}% 67
\BOOKMARK [2][-]{subsection.97}{\376\377\000E\000o\000R\000\040\000M\000L\000A\000G\000\040\000f\000a\000i\000l\000o\000v\000e\000r\000\040\000t\000e\000s\000t}{section.94}% 68
\BOOKMARK [2][-]{subsection.99}{\376\377\000T\000o\000R\000\040\000B\000\040\000M\000L\000A\000G\000\040\000f\000a\000i\000l\000o\000v\000e\000r\000\040\000t\000e\000s\000t}{section.94}% 69
\BOOKMARK [1][-]{section.101}{\376\377\000S\000i\000m\000u\000l\000a\000t\000i\000o\000n\000\040\000E\000n\000v\000i\000r\000o\000n\000m\000e\000n\000t\000\040\000S\000t\000a\000t\000u\000s}{chapter.78}% 70
\BOOKMARK [1][-]{section.102}{\376\377\000C\000o\000n\000c\000l\000u\000s\000i\000o\000n}{chapter.78}% 71
\BOOKMARK [0][-]{chapter*.103}{\376\377\000G\000e\000n\000e\000r\000a\000l\000\040\000C\000o\000n\000c\000l\000u\000s\000i\000o\000n}{}% 72
\BOOKMARK [0][-]{appendix.104}{\376\377\000D\000E\000F\000I\000N\000I\000T\000I\000O\000N\000S}{}% 73
\BOOKMARK [1][-]{section*.105}{\376\377\000A\000.\0001\000\040\000N\000e\000t\000w\000o\000r\000k\000\040\000A\000r\000c\000h\000i\000t\000e\000c\000t\000u\000r\000e\000\040\000D\000e\000f\000i\000n\000i\000t\000i\000o\000n\000s}{appendix.104}% 74
\BOOKMARK [1][-]{section*.105}{\376\377\000A\000.\0002\000\040\000V\000L\000A\000N\000\040\000a\000n\000d\000\040\000S\000w\000i\000t\000c\000h\000i\000n\000g\000\040\000D\000e\000f\000i\000n\000i\000t\000i\000o\000n\000s}{appendix.104}% 75
\BOOKMARK [1][-]{section*.105}{\376\377\000A\000.\0003\000\040\000R\000e\000d\000u\000n\000d\000a\000n\000c\000y\000\040\000a\000n\000d\000\040\000H\000i\000g\000h\000\040\000A\000v\000a\000i\000l\000a\000b\000i\000l\000i\000t\000y\000\040\000D\000e\000f\000i\000n\000i\000t\000i\000o\000n\000s}{appendix.104}% 76
\BOOKMARK [1][-]{section*.105}{\376\377\000A\000.\0004\000\040\000S\000e\000c\000u\000r\000i\000t\000y\000\040\000D\000e\000f\000i\000n\000i\000t\000i\000o\000n\000s}{appendix.104}% 77
\BOOKMARK [1][-]{section*.105}{\376\377\000A\000.\0005\000\040\000V\000i\000r\000t\000u\000a\000l\000i\000z\000a\000t\000i\000o\000n\000\040\000D\000e\000f\000i\000n\000i\000t\000i\000o\000n\000s}{appendix.104}% 78
\BOOKMARK [1][-]{section*.105}{\376\377\000A\000.\0006\000\040\000S\000i\000m\000u\000l\000a\000t\000i\000o\000n\000\040\000a\000n\000d\000\040\000T\000o\000o\000l\000s\000\040\000D\000e\000f\000i\000n\000i\000t\000i\000o\000n\000s}{appendix.104}% 79
\BOOKMARK [1][-]{section*.105}{\376\377\000A\000.\0007\000\040\000S\000e\000r\000v\000e\000r\000\040\000a\000n\000d\000\040\000N\000e\000t\000w\000o\000r\000k\000\040\000I\000n\000t\000e\000r\000f\000a\000c\000e\000\040\000D\000e\000f\000i\000n\000i\000t\000i\000o\000n\000s}{appendix.104}% 80
\BOOKMARK [1][-]{section*.105}{\376\377\000A\000.\0008\000\040\000D\000o\000c\000u\000m\000e\000n\000t\000a\000t\000i\000o\000n\000\040\000D\000e\000f\000i\000n\000i\000t\000i\000o\000n\000s}{appendix.104}% 81
\BOOKMARK [0][-]{appendix.106}{\376\377\000A\000p\000p\000e\000n\000d\000i\000x\000\040\000B\000:\000\040\000L\000o\000w\000-\000L\000e\000v\000e\000l\000\040\000D\000e\000s\000i\000g\000n\000\040\000\050\000L\000L\000D\000\051}{}% 82
\BOOKMARK [1][-]{section.107}{\376\377\000D\000e\000v\000i\000c\000e\000\040\000i\000n\000v\000e\000n\000t\000o\000r\000y}{appendix.106}% 83
\BOOKMARK [1][-]{section.107}{\376\377\000B\000.\0001\000\040\000D\000e\000v\000i\000c\000e\000\040\000i\000n\000v\000e\000n\000t\000o\000r\000y}{appendix.106}% 84
\BOOKMARK [1][-]{section.109}{\376\377\000I\000P\000\040\000a\000d\000d\000r\000e\000s\000s\000i\000n\000g\000\040\000p\000l\000a\000n}{appendix.106}% 85
\BOOKMARK [1][-]{section.109}{\376\377\000B\000.\0002\000\040\000I\000P\000\040\000a\000d\000d\000r\000e\000s\000s\000i\000n\000g\000\040\000p\000l\000a\000n}{appendix.106}% 86
\BOOKMARK [1][-]{section.111}{\376\377\000P\000h\000y\000s\000i\000c\000a\000l\000\040\000p\000o\000r\000t\000\040\000c\000o\000n\000n\000e\000c\000t\000i\000o\000n\000s}{appendix.106}% 87
\BOOKMARK [1][-]{section.111}{\376\377\000B\000.\0003\000\040\000P\000h\000y\000s\000i\000c\000a\000l\000\040\000p\000o\000r\000t\000\040\000c\000o\000n\000n\000e\000c\000t\000i\000o\000n\000s}{appendix.106}% 88
\BOOKMARK [0][-]{appendix.115}{\376\377\000A\000p\000p\000e\000n\000d\000i\000x\000\040\000C\000:\000\040\000D\000e\000v\000i\000c\000e\000\040\000C\000o\000n\000f\000i\000g\000u\000r\000a\000t\000i\000o\000n\000s\000\040\000a\000n\000d\000\040\000S\000c\000r\000i\000p\000t\000s}{}% 89
\BOOKMARK [1][-]{section.116}{\376\377\000S\000e\000r\000v\000e\000r\000\040\000n\000e\000t\000w\000o\000r\000k\000\040\000c\000o\000n\000f\000i\000g\000u\000r\000a\000t\000i\000o\000n\000s}{appendix.115}% 90
\BOOKMARK [1][-]{section.116}{\376\377\000C\000.\0001\000\040\000S\000e\000r\000v\000e\000r\000\040\000n\000e\000t\000w\000o\000r\000k\000\040\000c\000o\000n\000f\000i\000g\000u\000r\000a\000t\000i\000o\000n\000s}{appendix.115}% 91
\BOOKMARK [2][-]{subsection.117}{\376\377\000S\000e\000r\000v\000e\000r\000\040\0001}{section.116}% 92
\BOOKMARK [1][-]{subsection.117}{\376\377\000C\000.\0001\000.\0001\000\040\000S\000e\000r\000v\000e\000r\000\040\0001}{appendix.115}% 93
\BOOKMARK [2][-]{subsection.156}{\376\377\000S\000e\000r\000v\000e\000r\000\040\0002}{subsection.117}% 94
\BOOKMARK [1][-]{subsection.156}{\376\377\000C\000.\0001\000.\0002\000\040\000S\000e\000r\000v\000e\000r\000\040\0002}{appendix.115}% 95
\BOOKMARK [2][-]{subsection.195}{\376\377\000S\000e\000r\000v\000e\000r\000\040\0003}{subsection.156}% 96
\BOOKMARK [1][-]{subsection.195}{\376\377\000C\000.\0001\000.\0003\000\040\000S\000e\000r\000v\000e\000r\000\040\0003}{appendix.115}% 97
\BOOKMARK [2][-]{subsection.234}{\376\377\000S\000e\000r\000v\000e\000r\000\040\0004}{subsection.195}% 98
\BOOKMARK [1][-]{subsection.234}{\376\377\000C\000.\0001\000.\0004\000\040\000S\000e\000r\000v\000e\000r\000\040\0004}{appendix.115}% 99
\BOOKMARK [2][-]{subsection.273}{\376\377\000S\000e\000r\000v\000e\000r\000\040\0005}{subsection.234}% 100
\BOOKMARK [1][-]{subsection.273}{\376\377\000C\000.\0001\000.\0005\000\040\000S\000e\000r\000v\000e\000r\000\040\0005}{appendix.115}% 101
\BOOKMARK [2][-]{subsection.312}{\376\377\000S\000e\000r\000v\000e\000r\000\040\0006}{subsection.273}% 102
\BOOKMARK [1][-]{subsection.312}{\376\377\000C\000.\0001\000.\0006\000\040\000S\000e\000r\000v\000e\000r\000\040\0006}{appendix.115}% 103
\BOOKMARK [2][-]{subsection.351}{\376\377\000S\000e\000r\000v\000e\000r\000\040\0007}{subsection.312}% 104
\BOOKMARK [1][-]{subsection.351}{\376\377\000C\000.\0001\000.\0007\000\040\000S\000e\000r\000v\000e\000r\000\040\0007}{appendix.115}% 105
\BOOKMARK [2][-]{subsection.390}{\376\377\000S\000e\000r\000v\000e\000r\000\040\0008}{subsection.351}% 106
\BOOKMARK [1][-]{subsection.390}{\376\377\000C\000.\0001\000.\0008\000\040\000S\000e\000r\000v\000e\000r\000\040\0008}{appendix.115}% 107
\BOOKMARK [1][-]{section.429}{\376\377\000F\000i\000r\000e\000w\000a\000l\000l\000\040\000c\000o\000n\000f\000i\000g\000u\000r\000a\000t\000i\000o\000n\000\040\000\050\000F\000W\000-\0001\000\040\000a\000n\000d\000\040\000F\000W\000-\0002\000\051}{appendix.115}% 108
\BOOKMARK [1][-]{section.429}{\376\377\000C\000.\0002\000\040\000F\000i\000r\000e\000w\000a\000l\000l\000\040\000c\000o\000n\000f\000i\000g\000u\000r\000a\000t\000i\000o\000n\000\040\000\050\000F\000W\000-\0001\000\040\000a\000n\000d\000\040\000F\000W\000-\0002\000\051}{appendix.115}% 109
\BOOKMARK [2][-]{subsection.430}{\376\377\000L\000A\000G\000G\000\040\000i\000n\000t\000e\000r\000f\000a\000c\000e\000\040\000c\000r\000e\000a\000t\000i\000o\000n}{section.429}% 110
\BOOKMARK [1][-]{subsection.430}{\376\377\000C\000.\0002\000.\0001\000\040\000L\000A\000G\000G\000\040\000i\000n\000t\000e\000r\000f\000a\000c\000e\000\040\000c\000r\000e\000a\000t\000i\000o\000n}{appendix.115}% 111
\BOOKMARK [2][-]{subsection.431}{\376\377\000V\000L\000A\000N\000\040\000c\000r\000e\000a\000t\000i\000o\000n}{subsection.430}% 112
\BOOKMARK [1][-]{subsection.431}{\376\377\000C\000.\0002\000.\0002\000\040\000V\000L\000A\000N\000\040\000c\000r\000e\000a\000t\000i\000o\000n}{appendix.115}% 113
\BOOKMARK [2][-]{subsection.433}{\376\377\000I\000n\000t\000e\000r\000f\000a\000c\000e\000\040\000a\000s\000s\000i\000g\000n\000m\000e\000n\000t}{subsection.431}% 114
\BOOKMARK [1][-]{subsection.433}{\376\377\000C\000.\0002\000.\0003\000\040\000I\000n\000t\000e\000r\000f\000a\000c\000e\000\040\000a\000s\000s\000i\000g\000n\000m\000e\000n\000t}{appendix.115}% 115
\BOOKMARK [2][-]{subsection.435}{\376\377\000I\000n\000t\000e\000r\000f\000a\000c\000e\000\040\000I\000P\000\040\000c\000o\000n\000f\000i\000g\000u\000r\000a\000t\000i\000o\000n}{subsection.433}% 116
\BOOKMARK [1][-]{subsection.435}{\376\377\000C\000.\0002\000.\0004\000\040\000I\000n\000t\000e\000r\000f\000a\000c\000e\000\040\000I\000P\000\040\000c\000o\000n\000f\000i\000g\000u\000r\000a\000t\000i\000o\000n}{appendix.115}% 117
\BOOKMARK [2][-]{subsection.437}{\376\377\000C\000A\000R\000P\000\040\000v\000i\000r\000t\000u\000a\000l\000\040\000I\000P\000\040\000c\000r\000e\000a\000t\000i\000o\000n}{subsection.435}% 118
\BOOKMARK [1][-]{subsection.437}{\376\377\000C\000.\0002\000.\0005\000\040\000C\000A\000R\000P\000\040\000v\000i\000r\000t\000u\000a\000l\000\040\000I\000P\000\040\000c\000r\000e\000a\000t\000i\000o\000n}{appendix.115}% 119
\BOOKMARK [2][-]{subsection.439}{\376\377\000H\000i\000g\000h\000\040\000a\000v\000a\000i\000l\000a\000b\000i\000l\000i\000t\000y\000\040\000s\000y\000n\000c\000h\000r\000o\000n\000i\000z\000a\000t\000i\000o\000n}{subsection.437}% 120
\BOOKMARK [1][-]{subsection.439}{\376\377\000C\000.\0002\000.\0006\000\040\000H\000i\000g\000h\000\040\000a\000v\000a\000i\000l\000a\000b\000i\000l\000i\000t\000y\000\040\000s\000y\000n\000c\000h\000r\000o\000n\000i\000z\000a\000t\000i\000o\000n}{appendix.115}% 121
\BOOKMARK [2][-]{subsection.440}{\376\377\000F\000i\000r\000e\000w\000a\000l\000l\000\040\000r\000u\000l\000e\000s}{subsection.439}% 122
\BOOKMARK [1][-]{subsection.440}{\376\377\000C\000.\0002\000.\0007\000\040\000F\000i\000r\000e\000w\000a\000l\000l\000\040\000r\000u\000l\000e\000s}{appendix.115}% 123
\BOOKMARK [1][-]{section.448}{\376\377\000T\000o\000R\000\040\000d\000o\000w\000n\000l\000i\000n\000k\000s\000\040\000t\000o\000\040\000s\000e\000r\000v\000e\000r\000s}{appendix.115}% 124
\BOOKMARK [1][-]{section.448}{\376\377\000C\000.\0003\000\040\000T\000o\000R\000\040\000d\000o\000w\000n\000l\000i\000n\000k\000s\000\040\000t\000o\000\040\000s\000e\000r\000v\000e\000r\000s}{appendix.115}% 125
\BOOKMARK [2][-]{subsection.449}{\376\377\000C\000a\000b\000i\000n\000e\000t\000\040\000A\000\040\040\023\000\040\000T\000o\000R\000\040\000A\000-\0001}{section.448}% 126
\BOOKMARK [1][-]{subsection.449}{\376\377\000C\000.\0003\000.\0001\000\040\000C\000a\000b\000i\000n\000e\000t\000\040\000A\000\040\040\023\000\040\000T\000o\000R\000\040\000A\000-\0001}{appendix.115}% 127
\BOOKMARK [2][-]{subsection.512}{\376\377\000C\000a\000b\000i\000n\000e\000t\000\040\000A\000\040\040\023\000\040\000T\000o\000R\000\040\000A\000-\0002}{subsection.449}% 128
\BOOKMARK [1][-]{subsection.512}{\376\377\000C\000.\0003\000.\0002\000\040\000C\000a\000b\000i\000n\000e\000t\000\040\000A\000\040\040\023\000\040\000T\000o\000R\000\040\000A\000-\0002}{appendix.115}% 129
\BOOKMARK [2][-]{subsection.575}{\376\377\000C\000a\000b\000i\000n\000e\000t\000\040\000B\000\040\040\023\000\040\000T\000o\000R\000\040\000B\000-\0001}{subsection.512}% 130
\BOOKMARK [1][-]{subsection.575}{\376\377\000C\000.\0003\000.\0003\000\040\000C\000a\000b\000i\000n\000e\000t\000\040\000B\000\040\040\023\000\040\000T\000o\000R\000\040\000B\000-\0001}{appendix.115}% 131
\BOOKMARK [2][-]{subsection.638}{\376\377\000C\000a\000b\000i\000n\000e\000t\000\040\000B\000\040\040\023\000\040\000T\000o\000R\000\040\000B\000-\0002}{subsection.575}% 132
\BOOKMARK [1][-]{subsection.638}{\376\377\000C\000.\0003\000.\0004\000\040\000C\000a\000b\000i\000n\000e\000t\000\040\000B\000\040\040\023\000\040\000T\000o\000R\000\040\000B\000-\0002}{appendix.115}% 133
\BOOKMARK [2][-]{subsection.701}{\376\377\000C\000a\000b\000i\000n\000e\000t\000\040\000C\000\040\040\023\000\040\000T\000o\000R\000\040\000C\000-\0001}{subsection.638}% 134
\BOOKMARK [1][-]{subsection.701}{\376\377\000C\000.\0003\000.\0005\000\040\000C\000a\000b\000i\000n\000e\000t\000\040\000C\000\040\040\023\000\040\000T\000o\000R\000\040\000C\000-\0001}{appendix.115}% 135
\BOOKMARK [2][-]{subsection.764}{\376\377\000C\000a\000b\000i\000n\000e\000t\000\040\000C\000\040\040\023\000\040\000T\000o\000R\000\040\000C\000-\0002}{subsection.701}% 136
\BOOKMARK [1][-]{subsection.764}{\376\377\000C\000.\0003\000.\0006\000\040\000C\000a\000b\000i\000n\000e\000t\000\040\000C\000\040\040\023\000\040\000T\000o\000R\000\040\000C\000-\0002}{appendix.115}% 137
\BOOKMARK [2][-]{subsection.827}{\376\377\000C\000a\000b\000i\000n\000e\000t\000\040\000D\000\040\040\023\000\040\000T\000o\000R\000\040\000D\000-\0001}{subsection.764}% 138
\BOOKMARK [1][-]{subsection.827}{\376\377\000C\000.\0003\000.\0007\000\040\000C\000a\000b\000i\000n\000e\000t\000\040\000D\000\040\040\023\000\040\000T\000o\000R\000\040\000D\000-\0001}{appendix.115}% 139
\BOOKMARK [2][-]{subsection.890}{\376\377\000C\000a\000b\000i\000n\000e\000t\000\040\000D\000\040\040\023\000\040\000T\000o\000R\000\040\000D\000-\0002}{subsection.827}% 140
\BOOKMARK [1][-]{subsection.890}{\376\377\000C\000.\0003\000.\0008\000\040\000C\000a\000b\000i\000n\000e\000t\000\040\000D\000\040\040\023\000\040\000T\000o\000R\000\040\000D\000-\0002}{appendix.115}% 141
\BOOKMARK [1][-]{section.953}{\376\377\000T\000o\000R\000\040\000i\000n\000i\000t\000i\000a\000l\000\040\000s\000e\000t\000u\000p}{appendix.115}% 142
\BOOKMARK [1][-]{section.953}{\376\377\000C\000.\0004\000\040\000T\000o\000R\000\040\000i\000n\000i\000t\000i\000a\000l\000\040\000s\000e\000t\000u\000p}{appendix.115}% 143
\BOOKMARK [2][-]{subsection.954}{\376\377\000M\000a\000n\000a\000g\000e\000m\000e\000n\000t\000\040\000a\000n\000d\000\040\000V\000L\000A\000N\000\040\000s\000e\000t\000u\000p}{section.953}% 144
\BOOKMARK [1][-]{subsection.954}{\376\377\000C\000.\0004\000.\0001\000\040\000M\000a\000n\000a\000g\000e\000m\000e\000n\000t\000\040\000a\000n\000d\000\040\000V\000L\000A\000N\000\040\000s\000e\000t\000u\000p}{appendix.115}% 145
\BOOKMARK [2][-]{subsection.1187}{\376\377\000M\000L\000A\000G\000\040\000s\000e\000t\000u\000p}{subsection.954}% 146
\BOOKMARK [1][-]{subsection.1187}{\376\377\000C\000.\0004\000.\0002\000\040\000M\000L\000A\000G\000\040\000s\000e\000t\000u\000p}{appendix.115}% 147
\BOOKMARK [1][-]{section.1468}{\376\377\000T\000o\000R\000\040\000u\000p\000l\000i\000n\000k\000s\000\040\000t\000o\000\040\000E\000o\000R\000s}{appendix.115}% 148
\BOOKMARK [1][-]{section.1468}{\376\377\000C\000.\0005\000\040\000T\000o\000R\000\040\000u\000p\000l\000i\000n\000k\000s\000\040\000t\000o\000\040\000E\000o\000R\000s}{appendix.115}% 149
\BOOKMARK [2][-]{subsection.1469}{\376\377\000T\000o\000R\000\040\000A\000-\0001}{section.1468}% 150
\BOOKMARK [1][-]{subsection.1469}{\376\377\000C\000.\0005\000.\0001\000\040\000T\000o\000R\000\040\000A\000-\0001}{appendix.115}% 151
\BOOKMARK [2][-]{subsection.1494}{\376\377\000T\000o\000R\000\040\000A\000-\0002}{subsection.1469}% 152
\BOOKMARK [1][-]{subsection.1494}{\376\377\000C\000.\0005\000.\0002\000\040\000T\000o\000R\000\040\000A\000-\0002}{appendix.115}% 153
\BOOKMARK [2][-]{subsection.1519}{\376\377\000T\000o\000R\000\040\000B\000-\0001}{subsection.1494}% 154
\BOOKMARK [1][-]{subsection.1519}{\376\377\000C\000.\0005\000.\0003\000\040\000T\000o\000R\000\040\000B\000-\0001}{appendix.115}% 155
\BOOKMARK [2][-]{subsection.1544}{\376\377\000T\000o\000R\000\040\000B\000-\0002}{subsection.1519}% 156
\BOOKMARK [1][-]{subsection.1544}{\376\377\000C\000.\0005\000.\0004\000\040\000T\000o\000R\000\040\000B\000-\0002}{appendix.115}% 157
\BOOKMARK [2][-]{subsection.1569}{\376\377\000T\000o\000R\000\040\000C\000-\0001}{subsection.1544}% 158
\BOOKMARK [1][-]{subsection.1569}{\376\377\000C\000.\0005\000.\0005\000\040\000T\000o\000R\000\040\000C\000-\0001}{appendix.115}% 159
\BOOKMARK [2][-]{subsection.1594}{\376\377\000T\000o\000R\000\040\000C\000-\0002}{subsection.1569}% 160
\BOOKMARK [1][-]{subsection.1594}{\376\377\000C\000.\0005\000.\0006\000\040\000T\000o\000R\000\040\000C\000-\0002}{appendix.115}% 161
\BOOKMARK [2][-]{subsection.1619}{\376\377\000T\000o\000R\000\040\000D\000-\0001}{subsection.1594}% 162
\BOOKMARK [1][-]{subsection.1619}{\376\377\000C\000.\0005\000.\0007\000\040\000T\000o\000R\000\040\000D\000-\0001}{appendix.115}% 163
\BOOKMARK [2][-]{subsection.1644}{\376\377\000T\000o\000R\000\040\000D\000-\0002}{subsection.1619}% 164
\BOOKMARK [1][-]{subsection.1644}{\376\377\000C\000.\0005\000.\0008\000\040\000T\000o\000R\000\040\000D\000-\0002}{appendix.115}% 165
\BOOKMARK [1][-]{section.1669}{\376\377\000E\000o\000R\000s\000\040\000I\000n\000i\000t\000i\000a\000l\000\040\000S\000e\000t\000u\000p}{appendix.115}% 166
\BOOKMARK [1][-]{section.1669}{\376\377\000C\000.\0006\000\040\000E\000o\000R\000s\000\040\000I\000n\000i\000t\000i\000a\000l\000\040\000S\000e\000t\000u\000p}{appendix.115}% 167
\BOOKMARK [2][-]{subsection.1670}{\376\377\000E\000o\000R\000\040\0001}{section.1669}% 168
\BOOKMARK [1][-]{subsection.1670}{\376\377\000C\000.\0006\000.\0001\000\040\000E\000o\000R\000\040\0001}{appendix.115}% 169
\BOOKMARK [2][-]{subsection.1691}{\376\377\000E\000o\000R\000\040\0002}{subsection.1670}% 170
\BOOKMARK [1][-]{subsection.1691}{\376\377\000C\000.\0006\000.\0002\000\040\000E\000o\000R\000\040\0002}{appendix.115}% 171
\BOOKMARK [1][-]{section.1712}{\376\377\000E\000o\000R\000s\000\040\000M\000L\000A\000G\000\040\000S\000e\000t\000u\000p}{appendix.115}% 172
\BOOKMARK [1][-]{section.1712}{\376\377\000C\000.\0007\000\040\000E\000o\000R\000s\000\040\000M\000L\000A\000G\000\040\000S\000e\000t\000u\000p}{appendix.115}% 173
\BOOKMARK [2][-]{subsection.1713}{\376\377\000E\000o\000R\000\040\0001}{section.1712}% 174
\BOOKMARK [1][-]{subsection.1713}{\376\377\000C\000.\0007\000.\0001\000\040\000E\000o\000R\000\040\0001}{appendix.115}% 175
\BOOKMARK [2][-]{subsection.1747}{\376\377\000E\000o\000R\000\040\0002}{subsection.1713}% 176
\BOOKMARK [1][-]{subsection.1747}{\376\377\000C\000.\0007\000.\0002\000\040\000E\000o\000R\000\040\0002}{appendix.115}% 177
\BOOKMARK [1][-]{section.1781}{\376\377\000E\000o\000R\000s\000\040\000D\000o\000w\000n\000l\000i\000n\000k\000s\000\040\000t\000o\000\040\000T\000o\000R\000s}{appendix.115}% 178
\BOOKMARK [1][-]{section.1781}{\376\377\000C\000.\0008\000\040\000E\000o\000R\000s\000\040\000D\000o\000w\000n\000l\000i\000n\000k\000s\000\040\000t\000o\000\040\000T\000o\000R\000s}{appendix.115}% 179
\BOOKMARK [2][-]{subsection.1782}{\376\377\000E\000o\000R\000\040\0001}{section.1781}% 180
\BOOKMARK [1][-]{subsection.1782}{\376\377\000C\000.\0008\000.\0001\000\040\000E\000o\000R\000\040\0001}{appendix.115}% 181
\BOOKMARK [2][-]{subsection.1897}{\376\377\000E\000o\000R\000\040\0002}{subsection.1782}% 182
\BOOKMARK [1][-]{subsection.1897}{\376\377\000C\000.\0008\000.\0002\000\040\000E\000o\000R\000\040\0002}{appendix.115}% 183
\BOOKMARK [0][-]{appendix.2012}{\376\377\000A\000p\000p\000e\000n\000d\000i\000x\000\040\000D\000:\000\040\000C\000o\000n\000n\000e\000c\000t\000i\000v\000i\000t\000y\000\040\000T\000e\000s\000t\000\040\000R\000e\000s\000u\000l\000t\000s}{}% 184
\BOOKMARK [1][-]{section.2013}{\376\377\000B\000a\000s\000i\000c\000\040\000c\000o\000n\000n\000e\000c\000t\000i\000v\000i\000t\000y\000\040\000t\000e\000s\000t\000s}{appendix.2012}% 185
\BOOKMARK [1][-]{section.2013}{\376\377\000D\000.\0001\000\040\000B\000a\000s\000i\000c\000\040\000c\000o\000n\000n\000e\000c\000t\000i\000v\000i\000t\000y\000\040\000t\000e\000s\000t\000s}{appendix.2012}% 186
\BOOKMARK [1][-]{section.2016}{\376\377\000I\000n\000t\000r\000a\000-\000z\000o\000n\000e\000\040\000c\000o\000n\000n\000e\000c\000t\000i\000v\000i\000t\000y\000\040\000t\000e\000s\000t\000s}{appendix.2012}% 187
\BOOKMARK [1][-]{section.2016}{\376\377\000D\000.\0002\000\040\000I\000n\000t\000r\000a\000-\000z\000o\000n\000e\000\040\000c\000o\000n\000n\000e\000c\000t\000i\000v\000i\000t\000y\000\040\000t\000e\000s\000t\000s}{appendix.2012}% 188
\BOOKMARK [1][-]{section.2020}{\376\377\000I\000n\000t\000e\000r\000-\000z\000o\000n\000e\000\040\000s\000e\000c\000u\000r\000i\000t\000y\000\040\000t\000e\000s\000t\000s}{appendix.2012}% 189
\BOOKMARK [1][-]{section.2020}{\376\377\000D\000.\0003\000\040\000I\000n\000t\000e\000r\000-\000z\000o\000n\000e\000\040\000s\000e\000c\000u\000r\000i\000t\000y\000\040\000t\000e\000s\000t\000s}{appendix.2012}% 190
\BOOKMARK [0][-]{appendix.2023}{\376\377\000A\000p\000p\000e\000n\000d\000i\000x\000\040\000E\000:\000\040\000C\000o\000n\000f\000i\000g\000u\000r\000a\000t\000i\000o\000n\000\040\000V\000e\000r\000i\000f\000i\000c\000a\000t\000i\000o\000n\000\040\000S\000c\000r\000e\000e\000n\000s\000h\000o\000t\000s}{}% 191
\BOOKMARK [1][-]{section.2024}{\376\377\000E\000o\000R\000-\0001\000\040\000\050\000A\000r\000i\000s\000t\000a\000\040\000v\000E\000O\000S\000\051}{appendix.2023}% 192
\BOOKMARK [1][-]{section.2024}{\376\377\000E\000.\0001\000\040\000E\000o\000R\000-\0001}{appendix.2023}% 193
\BOOKMARK [1][-]{section.2029}{\376\377\000T\000o\000R\000\040\000A\000-\0001\000\040\000\050\000A\000r\000i\000s\000t\000a\000\040\000v\000E\000O\000S\000\051}{appendix.2023}% 194
\BOOKMARK [1][-]{section.2029}{\376\377\000E\000.\0002\000\040\000T\000o\000R\000\040\000A\000-\0001}{appendix.2023}% 195
\BOOKMARK [1][-]{section.2034}{\376\377\000F\000i\000r\000e\000w\000a\000l\000l\000s\000\040\000\050\000p\000f\000S\000e\000n\000s\000e\000\051}{appendix.2023}% 196
\BOOKMARK [1][-]{section.2034}{\376\377\000E\000.\0003\000\040\000F\000i\000r\000e\000w\000a\000l\000l\000s}{appendix.2023}% 197
\BOOKMARK [1][-]{section.2040}{\376\377\000S\000e\000r\000v\000e\000r\000\040\0001\000\040\000\050\000L\000i\000n\000u\000x\000\051}{appendix.2023}% 198
\BOOKMARK [1][-]{section.2040}{\376\377\000E\000.\0004\000\040\000S\000e\000r\000v\000e\000r\000\040\0001}{appendix.2023}% 199
\BOOKMARK [0][-]{figure.caption.2041}{\376\377\000B\000i\000b\000l\000i\000o\000g\000r\000a\000p\000h\000y}{}% 200
\BOOKMARK [0][-]{appendix*.2043}{\376\377\000A\000b\000s\000t\000r\000a\000c\000t}{}% 201
